
> classroomx@0.0.0 build
> tsc -b && vite build

src/pages/ExplorePage.tsx(49,21): error TS2698: Spread types may only be created from object types.
src/pages/ExplorePage.tsx(50,38): error TS2339: Property 'post_collaborations' does not exist on type 'never'.
src/pages/ExplorePage.tsx(51,43): error TS2339: Property 'post_collaborations' does not exist on type 'never'.
src/pages/ExplorePage.tsx(64,21): error TS2698: Spread types may only be created from object types.
src/pages/ExplorePage.tsx(65,38): error TS2339: Property 'post_collaborations' does not exist on type 'never'.
src/pages/ExplorePage.tsx(66,43): error TS2339: Property 'post_collaborations' does not exist on type 'never'.
src/pages/ProfileSettingsPage.tsx(48,12): error TS6133: 'classmatesList' is declared but its value is never read.
