src/pages/AdminDashboardPage.tsx(156,25): error TS2345: Argument of type '{ status: string; }' is not assignable to parameter of type 'never'.
src/pages/ProfileSettingsPage.tsx(25,5): error TS6133: 'AlertCircle' is declared but its value is never read.
src/pages/ProfileSettingsPage.tsx(26,5): error TS6133: 'HelpCircle' is declared but its value is never read.
src/pages/ProfileSettingsPage.tsx(208,18): error TS2769: No overload matches this call.
  Overload 1 of 2, '(values: never, options?: { count?: "exact" | "planned" | "estimated" | undefined; } | undefined): PostgrestFilterBuilder<{ PostgrestVersion: "12"; }, never, never, null, "app_reports", never, "POST">', gave the following error.
    Argument of type '{ user_id: string; type: "bug" | "suggestion"; title: string; description: string; status: string; }' is not assignable to parameter of type 'never'.
  Overload 2 of 2, '(values: never[], options?: { count?: "exact" | "planned" | "estimated" | undefined; defaultToNull?: boolean | undefined; } | undefined): PostgrestFilterBuilder<{ PostgrestVersion: "12"; }, never, never, null, "app_reports", never, "POST">', gave the following error.
    Object literal may only specify known properties, and 'user_id' does not exist in type 'never[]'.
